 
****************************************
Report : area
Design : CEN598_HW2
Version: L-2016.03
Date   : Sat Feb 24 18:47:28 2018
****************************************

Information: Updating design information... (UID-85)
Warning: Design 'CEN598_HW2' contains 1 high-fanout nets. A fanout number of 1000 will be used for delay calculations involving these nets. (TIM-134)
Library(s) Used:

    saed32hvt_ss0p95v125c (File: /usr/local/synopsys/SAED32_EDK/lib/stdcell_hvt/db_nldm/saed32hvt_ss0p95v125c.db)
    saed32rvt_ss0p95v125c (File: /usr/local/synopsys/SAED32_EDK/lib/stdcell_rvt/db_nldm/saed32rvt_ss0p95v125c.db)
    saed32lvt_ss0p95v125c (File: /usr/local/synopsys/SAED32_EDK/lib/stdcell_lvt/db_nldm/saed32lvt_ss0p95v125c.db)

Number of ports:                        19682
Number of nets:                        235133
Number of cells:                       190719
Number of combinational cells:         160528
Number of sequential cells:             30159
Number of macros/black boxes:               0
Number of buf/inv:                      16267
Number of references:                      34

Combinational area:             490792.212431
Buf/Inv area:                    23590.408646
Noncombinational area:          214270.843273
Macro/Black Box area:                0.000000
Net Interconnect area:          348100.567957

Total cell area:                705063.055703
Total area:                    1053163.623661
1
